
 /----------------------------------------------------------------------------\
 |  yosys -- Yosys Open SYnthesis Suite                                       |
 |  Copyright (C) 2012 - 2026  Claire Xenia Wolf <claire@yosyshq.com>         |
 |  Distributed under an ISC-like license, type "license" to see terms        |
 \----------------------------------------------------------------------------/
 Yosys 0.64+149 (git sha1 2dc69a757-dirty, aarch64-apple-darwin23.5-clang++ 18.1.8 -fPIC -O3)

-- Executing script file `../model/design.ys' --

1. Executing Verilog-2005 frontend: ddr3_cal_seq.v
Parsing formal SystemVerilog input from `ddr3_cal_seq.v' to AST representation.
Storing AST representation for module `$abstract\ddr3_cal_seq'.
Successfully finished Verilog frontend.

2. Executing Verilog-2005 frontend: wrapper.sv
Parsing formal SystemVerilog input from `wrapper.sv' to AST representation.
Storing AST representation for module `$abstract\cal_seq_wrapper'.
Successfully finished Verilog frontend.

3. Executing PREP pass.

3.1. Executing HIERARCHY pass (managing design hierarchy).

3.2. Executing AST frontend in derive mode using pre-parsed AST for module `\cal_seq_wrapper'.
Generating RTLIL representation for module `\cal_seq_wrapper'.

3.2.1. Analyzing design hierarchy..
Top module:  \cal_seq_wrapper

3.2.2. Executing AST frontend in derive mode using pre-parsed AST for module `\ddr3_cal_seq'.
Generating RTLIL representation for module `\ddr3_cal_seq'.

3.2.3. Analyzing design hierarchy..
Top module:  \cal_seq_wrapper
Used module:     \ddr3_cal_seq

3.2.4. Analyzing design hierarchy..
Top module:  \cal_seq_wrapper
Used module:     \ddr3_cal_seq
Removing unused module `$abstract\cal_seq_wrapper'.
Removing unused module `$abstract\ddr3_cal_seq'.
Removed 2 unused modules.
Module cal_seq_wrapper directly or indirectly contains formal properties -> setting "keep" attribute.

3.3. Executing PROC pass (convert processes to netlists).

3.3.1. Executing PROC_CLEAN pass (remove empty switches from decision trees).
Cleaned up 0 empty switches.

3.3.2. Executing PROC_RMDEAD pass (remove dead branches from decision trees).
Marked 4 switch rules as full_case in process $proc$ddr3_cal_seq.v:53$50 in module ddr3_cal_seq.
Marked 1 switch rules as full_case in process $proc$wrapper.sv:57$6 in module cal_seq_wrapper.
Removed a total of 0 dead cases.

3.3.3. Executing PROC_PRUNE pass (remove redundant assignments in processes).
Removed 7 redundant assignments.
Promoted 5 assignments to connections.

3.3.4. Executing PROC_INIT pass (extract init attributes).
Found init rule in `\cal_seq_wrapper.$proc$wrapper.sv:56$49'.
  Set init value: \rdlvl_start_q = 1'0
Found init rule in `\cal_seq_wrapper.$proc$wrapper.sv:55$48'.
  Set init value: \wlvl_start_q = 1'0
Found init rule in `\cal_seq_wrapper.$proc$wrapper.sv:54$47'.
  Set init value: \cal_error_q = 1'0
Found init rule in `\cal_seq_wrapper.$proc$wrapper.sv:53$46'.
  Set init value: \cal_done_q = 1'0

3.3.5. Executing PROC_ARST pass (detect async resets in processes).

3.3.6. Executing PROC_ROM pass (convert switches to ROMs).
Converted 0 switches.
<suppressed ~15 debug messages>

3.3.7. Executing PROC_MUX pass (convert decision trees to multiplexers).
Creating decoders for process `\ddr3_cal_seq.$proc$ddr3_cal_seq.v:53$50'.
     1/6: $0\o_rdlvl_start[0:0]
     2/6: $0\o_wlvl_start[0:0]
     3/6: $0\o_state[3:0]
     4/6: $0\o_cal_error_code[1:0]
     5/6: $0\o_cal_error[0:0]
     6/6: $0\o_cal_done[0:0]
Creating decoders for process `\cal_seq_wrapper.$proc$wrapper.sv:56$49'.
Creating decoders for process `\cal_seq_wrapper.$proc$wrapper.sv:55$48'.
Creating decoders for process `\cal_seq_wrapper.$proc$wrapper.sv:54$47'.
Creating decoders for process `\cal_seq_wrapper.$proc$wrapper.sv:53$46'.
Creating decoders for process `\cal_seq_wrapper.$proc$wrapper.sv:50$44'.
Creating decoders for process `\cal_seq_wrapper.$proc$wrapper.sv:108$35'.
     1/3: $cover$wrapper.sv:112$41_EN
     2/3: $cover$wrapper.sv:111$38_EN
     3/3: $cover$wrapper.sv:110$37_EN
Creating decoders for process `\cal_seq_wrapper.$proc$wrapper.sv:102$30'.
     1/1: $assert$wrapper.sv:104$33_EN
Creating decoders for process `\cal_seq_wrapper.$proc$wrapper.sv:96$25'.
     1/1: $assert$wrapper.sv:98$28_EN
Creating decoders for process `\cal_seq_wrapper.$proc$wrapper.sv:90$20'.
     1/1: $assert$wrapper.sv:92$23_EN
Creating decoders for process `\cal_seq_wrapper.$proc$wrapper.sv:84$15'.
     1/1: $assert$wrapper.sv:86$17_EN
Creating decoders for process `\cal_seq_wrapper.$proc$wrapper.sv:78$11'.
     1/1: $assert$wrapper.sv:80$14_EN
Creating decoders for process `\cal_seq_wrapper.$proc$wrapper.sv:72$7'.
     1/1: $assert$wrapper.sv:74$10_EN
Creating decoders for process `\cal_seq_wrapper.$proc$wrapper.sv:57$6'.
     1/4: $0\rdlvl_start_q[0:0]
     2/4: $0\wlvl_start_q[0:0]
     3/4: $0\cal_error_q[0:0]
     4/4: $0\cal_done_q[0:0]

3.3.8. Executing PROC_DLATCH pass (convert process syncs to latches).

3.3.9. Executing PROC_DFF pass (convert process syncs to FFs).
Creating register for signal `\ddr3_cal_seq.\o_wlvl_start' using process `\ddr3_cal_seq.$proc$ddr3_cal_seq.v:53$50'.
  created $dff cell `$procdff$169' with positive edge clock.
Creating register for signal `\ddr3_cal_seq.\o_rdlvl_start' using process `\ddr3_cal_seq.$proc$ddr3_cal_seq.v:53$50'.
  created $dff cell `$procdff$170' with positive edge clock.
Creating register for signal `\ddr3_cal_seq.\o_cal_done' using process `\ddr3_cal_seq.$proc$ddr3_cal_seq.v:53$50'.
  created $dff cell `$procdff$171' with positive edge clock.
Creating register for signal `\ddr3_cal_seq.\o_cal_error' using process `\ddr3_cal_seq.$proc$ddr3_cal_seq.v:53$50'.
  created $dff cell `$procdff$172' with positive edge clock.
Creating register for signal `\ddr3_cal_seq.\o_cal_error_code' using process `\ddr3_cal_seq.$proc$ddr3_cal_seq.v:53$50'.
  created $dff cell `$procdff$173' with positive edge clock.
Creating register for signal `\ddr3_cal_seq.\o_state' using process `\ddr3_cal_seq.$proc$ddr3_cal_seq.v:53$50'.
  created $dff cell `$procdff$174' with positive edge clock.
Creating register for signal `\cal_seq_wrapper.\cal_done_q' using process `\cal_seq_wrapper.$proc$wrapper.sv:57$6'.
  created $dff cell `$procdff$175' with positive edge clock.
Creating register for signal `\cal_seq_wrapper.\cal_error_q' using process `\cal_seq_wrapper.$proc$wrapper.sv:57$6'.
  created $dff cell `$procdff$176' with positive edge clock.
Creating register for signal `\cal_seq_wrapper.\wlvl_start_q' using process `\cal_seq_wrapper.$proc$wrapper.sv:57$6'.
  created $dff cell `$procdff$177' with positive edge clock.
Creating register for signal `\cal_seq_wrapper.\rdlvl_start_q' using process `\cal_seq_wrapper.$proc$wrapper.sv:57$6'.
  created $dff cell `$procdff$178' with positive edge clock.

3.3.10. Executing PROC_MEMWR pass (convert process memory writes to cells).

3.3.11. Executing PROC_CLEAN pass (remove empty switches from decision trees).
Found and cleaned up 7 empty switches in `\ddr3_cal_seq.$proc$ddr3_cal_seq.v:53$50'.
Removing empty process `ddr3_cal_seq.$proc$ddr3_cal_seq.v:53$50'.
Removing empty process `cal_seq_wrapper.$proc$wrapper.sv:56$49'.
Removing empty process `cal_seq_wrapper.$proc$wrapper.sv:55$48'.
Removing empty process `cal_seq_wrapper.$proc$wrapper.sv:54$47'.
Removing empty process `cal_seq_wrapper.$proc$wrapper.sv:53$46'.
Removing empty process `cal_seq_wrapper.$proc$wrapper.sv:50$44'.
Found and cleaned up 1 empty switch in `\cal_seq_wrapper.$proc$wrapper.sv:108$35'.
Removing empty process `cal_seq_wrapper.$proc$wrapper.sv:108$35'.
Found and cleaned up 1 empty switch in `\cal_seq_wrapper.$proc$wrapper.sv:102$30'.
Removing empty process `cal_seq_wrapper.$proc$wrapper.sv:102$30'.
Found and cleaned up 1 empty switch in `\cal_seq_wrapper.$proc$wrapper.sv:96$25'.
Removing empty process `cal_seq_wrapper.$proc$wrapper.sv:96$25'.
Found and cleaned up 1 empty switch in `\cal_seq_wrapper.$proc$wrapper.sv:90$20'.
Removing empty process `cal_seq_wrapper.$proc$wrapper.sv:90$20'.
Found and cleaned up 1 empty switch in `\cal_seq_wrapper.$proc$wrapper.sv:84$15'.
Removing empty process `cal_seq_wrapper.$proc$wrapper.sv:84$15'.
Found and cleaned up 1 empty switch in `\cal_seq_wrapper.$proc$wrapper.sv:78$11'.
Removing empty process `cal_seq_wrapper.$proc$wrapper.sv:78$11'.
Found and cleaned up 1 empty switch in `\cal_seq_wrapper.$proc$wrapper.sv:72$7'.
Removing empty process `cal_seq_wrapper.$proc$wrapper.sv:72$7'.
Found and cleaned up 1 empty switch in `\cal_seq_wrapper.$proc$wrapper.sv:57$6'.
Removing empty process `cal_seq_wrapper.$proc$wrapper.sv:57$6'.
Cleaned up 15 empty switches.

3.3.12. Executing OPT_EXPR pass (perform const folding).
Optimizing module ddr3_cal_seq.
<suppressed ~1 debug messages>
Optimizing module cal_seq_wrapper.
<suppressed ~5 debug messages>

3.4. Executing FUTURE pass.

3.5. Executing OPT_EXPR pass (perform const folding).
Optimizing module ddr3_cal_seq.
Optimizing module cal_seq_wrapper.

3.6. Executing OPT_CLEAN pass (remove unused cells and wires).
Finding unused cells or wires in module \ddr3_cal_seq..
Finding unused cells or wires in module \cal_seq_wrapper..
Removed 2 unused cells and 61 unused wires.
<suppressed ~4 debug messages>

3.7. Executing CHECK pass (checking for obvious problems).
Checking module ddr3_cal_seq...
Checking module cal_seq_wrapper...
Found and reported 0 problems.

3.8. Executing OPT pass (performing simple optimizations).

3.8.1. Executing OPT_EXPR pass (perform const folding).
Optimizing module ddr3_cal_seq.
Optimizing module cal_seq_wrapper.

3.8.2. Executing OPT_MERGE pass (detect identical cells).
Finding identical cells in module `\ddr3_cal_seq'.
Computing hashes of 44 cells of `\ddr3_cal_seq'.
Finding duplicate cells in `\ddr3_cal_seq'.
Computing hashes of 37 cells of `\ddr3_cal_seq'.
Finding duplicate cells in `\ddr3_cal_seq'.
<suppressed ~21 debug messages>
Finding identical cells in module `\cal_seq_wrapper'.
Computing hashes of 52 cells of `\cal_seq_wrapper'.
Finding duplicate cells in `\cal_seq_wrapper'.
Computing hashes of 48 cells of `\cal_seq_wrapper'.
Finding duplicate cells in `\cal_seq_wrapper'.
<suppressed ~12 debug messages>
Removed a total of 11 cells.

3.8.3. Executing OPT_MUXTREE pass (detect dead branches in mux trees).
Running muxtree optimizer on module \ddr3_cal_seq..
  Creating internal representation of mux trees.
  Evaluating internal representation of mux trees.
  Analyzing evaluation results.
Running muxtree optimizer on module \cal_seq_wrapper..
  Creating internal representation of mux trees.
  Evaluating internal representation of mux trees.
  Analyzing evaluation results.
Removed 0 multiplexer ports.
<suppressed ~55 debug messages>

3.8.4. Executing OPT_REDUCE pass (consolidate $*mux and $reduce_* inputs).
  Optimizing cells in module \ddr3_cal_seq.
    New ctrl vector for $pmux cell $procmux$72: { $procmux$92_CMP $procmux$91_CMP $procmux$88_CMP $procmux$122_CMP $procmux$81_CMP $procmux$135_CMP $auto$opt_reduce.cc:137:opt_pmux$180 }
  Optimizing cells in module \ddr3_cal_seq.
  Optimizing cells in module \cal_seq_wrapper.
Performed a total of 1 changes.

3.8.5. Executing OPT_MERGE pass (detect identical cells).
Finding identical cells in module `\ddr3_cal_seq'.
Computing hashes of 38 cells of `\ddr3_cal_seq'.
Finding duplicate cells in `\ddr3_cal_seq'.
Finding identical cells in module `\cal_seq_wrapper'.
Computing hashes of 48 cells of `\cal_seq_wrapper'.
Finding duplicate cells in `\cal_seq_wrapper'.
Computing hashes of 45 cells of `\cal_seq_wrapper'.
Finding duplicate cells in `\cal_seq_wrapper'.
<suppressed ~9 debug messages>
Removed a total of 3 cells.

3.8.6. Executing OPT_CLEAN pass (remove unused cells and wires).
Finding unused cells or wires in module \ddr3_cal_seq..
Finding unused cells or wires in module \cal_seq_wrapper..
Removed 0 unused cells and 14 unused wires.
<suppressed ~2 debug messages>

3.8.7. Executing OPT_EXPR pass (perform const folding).
Optimizing module ddr3_cal_seq.
Optimizing module cal_seq_wrapper.

3.8.8. Rerunning OPT passes. (Maybe there is more to do..)

3.8.9. Executing OPT_MUXTREE pass (detect dead branches in mux trees).
Running muxtree optimizer on module \ddr3_cal_seq..
  Creating internal representation of mux trees.
  Evaluating internal representation of mux trees.
  Analyzing evaluation results.
Running muxtree optimizer on module \cal_seq_wrapper..
  Creating internal representation of mux trees.
  Evaluating internal representation of mux trees.
  Analyzing evaluation results.
Removed 0 multiplexer ports.
<suppressed ~49 debug messages>

3.8.10. Executing OPT_REDUCE pass (consolidate $*mux and $reduce_* inputs).
  Optimizing cells in module \ddr3_cal_seq.
  Optimizing cells in module \cal_seq_wrapper.
Performed a total of 0 changes.

3.8.11. Executing OPT_MERGE pass (detect identical cells).
Finding identical cells in module `\ddr3_cal_seq'.
Computing hashes of 38 cells of `\ddr3_cal_seq'.
Finding duplicate cells in `\ddr3_cal_seq'.
Finding identical cells in module `\cal_seq_wrapper'.
Computing hashes of 45 cells of `\cal_seq_wrapper'.
Finding duplicate cells in `\cal_seq_wrapper'.
Removed a total of 0 cells.

3.8.12. Executing OPT_CLEAN pass (remove unused cells and wires).
Finding unused cells or wires in module \ddr3_cal_seq..
Finding unused cells or wires in module \cal_seq_wrapper..

3.8.13. Executing OPT_EXPR pass (perform const folding).
Optimizing module ddr3_cal_seq.
Optimizing module cal_seq_wrapper.

3.8.14. Finished fast OPT passes. (There is nothing left to do.)

3.9. Executing WREDUCE pass (reducing word size of cells).
Removed top 1 bits (of 4) from port B of cell ddr3_cal_seq.$procmux$73_CMP0 ($eq).
Removed top 1 bits (of 4) from port B of cell ddr3_cal_seq.$procmux$74_CMP0 ($eq).
Removed top 1 bits (of 4) from port B of cell ddr3_cal_seq.$procmux$81_CMP0 ($eq).
Removed top 2 bits (of 4) from port B of cell ddr3_cal_seq.$procmux$88_CMP0 ($eq).
Removed top 3 bits (of 4) from port B of cell ddr3_cal_seq.$procmux$91_CMP0 ($eq).
Removed top 2 bits (of 4) from port B of cell ddr3_cal_seq.$procmux$122_CMP0 ($eq).
Removed top 1 bits (of 4) from port B of cell ddr3_cal_seq.$procmux$135_CMP0 ($eq).
Removed top 1 bits (of 2) from port B of cell cal_seq_wrapper.$eq$wrapper.sv:111$39 ($eq).

3.10. Executing OPT_CLEAN pass (remove unused cells and wires).
Finding unused cells or wires in module \ddr3_cal_seq..
Finding unused cells or wires in module \cal_seq_wrapper..

3.11. Executing MEMORY_COLLECT pass (generating $mem cells).

3.12. Executing OPT pass (performing simple optimizations).

3.12.1. Executing OPT_EXPR pass (perform const folding).
Optimizing module ddr3_cal_seq.
Optimizing module cal_seq_wrapper.

3.12.2. Executing OPT_MERGE pass (detect identical cells).
Finding identical cells in module `\ddr3_cal_seq'.
Computing hashes of 38 cells of `\ddr3_cal_seq'.
Finding duplicate cells in `\ddr3_cal_seq'.
Finding identical cells in module `\cal_seq_wrapper'.
Computing hashes of 45 cells of `\cal_seq_wrapper'.
Finding duplicate cells in `\cal_seq_wrapper'.
Removed a total of 0 cells.

3.12.3. Executing OPT_CLEAN pass (remove unused cells and wires).
Finding unused cells or wires in module \ddr3_cal_seq..
Finding unused cells or wires in module \cal_seq_wrapper..

3.12.4. Finished fast OPT passes.

3.13. Executing SORT pass.

3.14. Printing statistics.

=== cal_seq_wrapper ===

        +----------Local Count, excluding submodules.
        | 
       42 wires
       46 wire bits
       17 public wires
       21 public wire bits
        2 ports
        2 port bits
       44 cells
        5   $anyseq
       10   $check
        4   $dff
        2   $eq
        8   $logic_and
        5   $logic_not
       10   $mux
        1 submodules
        1   ddr3_cal_seq

=== ddr3_cal_seq ===

        +----------Local Count, excluding submodules.
        | 
       45 wires
       74 wire bits
       13 public wires
       17 public wire bits
       13 ports
       17 port bits
       38 cells
        6   $dff
        7   $eq
        1   $logic_not
       20   $mux
        3   $pmux
        1   $reduce_or

=== design hierarchy ===

        +----------Count including submodules.
        | 
       82 cal_seq_wrapper
       38 ddr3_cal_seq

        +----------Count including submodules.
        | 
       87 wires
      120 wire bits
       30 public wires
       38 public wire bits
       15 ports
       19 port bits
        - memories
        - memory bits
        - processes
       82 cells
        5   $anyseq
       10   $check
       10   $dff
        9   $eq
        8   $logic_and
        6   $logic_not
       30   $mux
        3   $pmux
        1   $reduce_or
        1 submodules
        1   ddr3_cal_seq

3.15. Executing CHECK pass (checking for obvious problems).
Checking module cal_seq_wrapper...
Checking module ddr3_cal_seq...
Found and reported 0 problems.

4. Executing HIERARCHY pass (managing design hierarchy).
Attribute `top' found on module `cal_seq_wrapper'. Setting top module to cal_seq_wrapper.

4.1. Analyzing design hierarchy..
Top module:  \cal_seq_wrapper
Used module:     \ddr3_cal_seq

4.2. Analyzing design hierarchy..
Top module:  \cal_seq_wrapper
Used module:     \ddr3_cal_seq
Removed 0 unused modules.
Module cal_seq_wrapper directly or indirectly contains formal properties -> setting "keep" attribute.

5. Executing jny backend.

6. Executing RTLIL backend.
Output filename: ../model/design.il

End of script. Logfile hash: 812e56565f, time: 0.01s, user: 0.01s, system: 0.01s, MEM: 17.16 MB peak
Yosys 0.64+149 (git sha1 2dc69a757-dirty, aarch64-apple-darwin23.5-clang++ 18.1.8 -fPIC -O3)
Time spent: 13% 5x opt_clean (0 sec), 13% 2x hierarchy (0 sec), ...
