
 /----------------------------------------------------------------------------\
 |  yosys -- Yosys Open SYnthesis Suite                                       |
 |  Copyright (C) 2012 - 2026  Claire Xenia Wolf <claire@yosyshq.com>         |
 |  Distributed under an ISC-like license, type "license" to see terms        |
 \----------------------------------------------------------------------------/
 Yosys 0.64+149 (git sha1 2dc69a757-dirty, aarch64-apple-darwin23.5-clang++ 18.1.8 -fPIC -O3)

-- Executing script file `design_smt2.ys' --

1. Executing RTLIL frontend.
Input filename: design_prep.il

2. Executing HIERARCHY pass (managing design hierarchy).
Attribute `top' found on module `cal_seq_wrapper'. Setting top module to cal_seq_wrapper.

2.1. Analyzing design hierarchy..
Top module:  \cal_seq_wrapper
Used module:     \ddr3_cal_seq

2.2. Analyzing design hierarchy..
Top module:  \cal_seq_wrapper
Used module:     \ddr3_cal_seq
Removed 0 unused modules.
Module cal_seq_wrapper directly or indirectly contains formal properties -> setting "keep" attribute.

3. Executing FORMALFF pass.

4. Executing DFFUNMAP pass (unmap clock enable and synchronous reset from FFs).

5. Printing statistics.

=== cal_seq_wrapper ===

        +----------Local Count, excluding submodules.
        | 
       24 wires
       28 wire bits
       13 public wires
       17 public wire bits
        2 ports
        2 port bits
       21 cells
        5   $anyseq
        2   $assume
        3   $cover
        2   $eq
        4   $ff
        1   $initstate
        2   $logic_and
        1   $mux
        1   $not
        1 submodules
        1   ddr3_cal_seq

=== ddr3_cal_seq ===

        +----------Local Count, excluding submodules.
        | 
       46 wires
       75 wire bits
       13 public wires
       17 public wire bits
       13 ports
       17 port bits
       40 cells
        6   $anyinit
        1   $assume
        7   $eq
        1   $logic_not
       20   $mux
        1   $not
        3   $pmux
        1   $reduce_or

=== design hierarchy ===

        +----------Count including submodules.
        | 
       61 cal_seq_wrapper
       40 ddr3_cal_seq

        +----------Count including submodules.
        | 
       70 wires
      103 wire bits
       26 public wires
       34 public wire bits
       15 ports
       19 port bits
        - memories
        - memory bits
        - processes
       61 cells
        6   $anyinit
        5   $anyseq
        3   $assume
        3   $cover
        9   $eq
        4   $ff
        1   $initstate
        2   $logic_and
        1   $logic_not
       21   $mux
        2   $not
        3   $pmux
        1   $reduce_or
        1 submodules
        1   ddr3_cal_seq

6. Executing SMT2 backend.

6.1. Executing BMUXMAP pass.

6.2. Executing DEMUXMAP pass.
Creating SMT-LIBv2 representation of module ddr3_cal_seq.
Creating SMT-LIBv2 representation of module cal_seq_wrapper.

End of script. Logfile hash: 10617be249, time: 0.00s, user: 0.01s, system: 0.01s, MEM: 14.12 MB peak
Yosys 0.64+149 (git sha1 2dc69a757-dirty, aarch64-apple-darwin23.5-clang++ 18.1.8 -fPIC -O3)
Time spent: 54% 2x write_smt2 (0 sec), 24% 2x read_rtlil (0 sec), ...
